// Jest Snapshot v1, https://goo.gl/fbAQLP

exports[`Main should snapshot 1`] = `
<div>
  <main
    class="sc-bczRLJ bpffWR"
  >
    <h1
      class="sc-gsnTZi cTsTyF"
    >
      Boilerplate
    </h1>
    <h2
      class="sc-dkzDqf iiBfFY"
    >
      Typescript, Reactjs, Nextjs, Styled Components
    </h2>
    <img
      alt=""
      class="sc-hKMtZM bueFVL"
      src="/astro2.jpg"
    />
  </main>
</div>
`;
